gc 1 @0.006s 1%: 0.044+0.28+0.038 ms clock, 0.35+0/0.27/0.039+0.30 ms cpu, 3->3->1 MB, 4 MB goal, 0 MB stacks, 0 MB globals, 8 P
gc 2 @0.010s 1%: 0.020+0.19+0.004 ms clock, 0.16+0.033/0.15/0+0.036 ms cpu, 3->3->2 MB, 4 MB goal, 0 MB stacks, 0 MB globals, 8 P
gc 3 @0.017s 1%: 0.022+0.15+0.018 ms clock, 0.17+0.052/0.14/0+0.14 ms cpu, 5->5->4 MB, 5 MB goal, 0 MB stacks, 0 MB globals, 8 P
gc 4 @0.025s 0%: 0.037+0.79+0.004 ms clock, 0.30+0/0.17/0.032+0.038 ms cpu, 8->8->6 MB, 8 MB goal, 0 MB stacks, 0 MB globals, 8 P
gc 5 @0.040s 0%: 0.024+6.3+0.027 ms clock, 0.19+0/0.21/0.033+0.21 ms cpu, 13->16->12 MB, 13 MB goal, 0 MB stacks, 0 MB globals, 8 P
gc 6 @0.082s 0%: 0.024+0.57+0.016 ms clock, 0.19+0/0.21/0.098+0.13 ms cpu, 22->22->16 MB, 25 MB goal, 0 MB stacks, 0 MB globals, 8 P
gc 7 @0.107s 0%: 0.022+0.24+0.019 ms clock, 0.17+0/0.23/0.069+0.15 ms cpu, 29->29->22 MB, 32 MB goal, 0 MB stacks, 0 MB globals, 8 P
gc 8 @0.190s 0%: 0.020+0.33+0.026 ms clock, 0.16+0.056/0.25/0.098+0.21 ms cpu, 43->43->33 MB, 46 MB goal, 0 MB stacks, 0 MB globals, 8 P
gc 9 @0.229s 0%: 0.020+0.38+0.037 ms clock, 0.16+0.036/0.31/0.089+0.29 ms cpu, 63->63->48 MB, 66 MB goal, 0 MB stacks, 0 MB globals, 8 P
gc 10 @0.416s 0%: 0.027+3.7+0.038 ms clock, 0.22+0.061/0.45/0.013+0.30 ms cpu, 93->95->72 MB, 96 MB goal, 0 MB stacks, 0 MB globals, 8 P
gc 11 @0.555s 0%: 0.030+0.48+0.024 ms clock, 0.24+0.035/0.41/0+0.19 ms cpu, 141->141->105 MB, 144 MB goal, 0 MB stacks, 0 MB globals, 8 P
gc 12 @0.727s 0%: 0.019+0.51+0.002 ms clock, 0.15+0/0.56/0.11+0.022 ms cpu, 107->107->106 MB, 212 MB goal, 0 MB stacks, 0 MB globals, 8 P (forced)
=== FILLED variant=b n=3000000 mode=forced fill=727ms idle=11m0s objects=8396 heap=112024800 ===
gc 13 @1.729s 0%: 0.047+0.35+0.003 ms clock, 0.37+0/0.16/0.38+0.029 ms cpu, 106->106->106 MB, 213 MB goal, 0 MB stacks, 0 MB globals, 8 P (forced)
gc 14 @1.930s 0%: 0.073+0.34+0.003 ms clock, 0.59+0/0.32/0.12+0.024 ms cpu, 106->106->106 MB, 213 MB goal, 0 MB stacks, 0 MB globals, 8 P (forced)
gc 15 @2.131s 0%: 0.020+0.36+0.003 ms clock, 0.16+0/0.39/0.097+0.026 ms cpu, 106->106->106 MB, 213 MB goal, 0 MB stacks, 0 MB globals, 8 P (forced)
gc 16 @2.332s 0%: 0.091+0.37+0.002 ms clock, 0.73+0/0.096/0.48+0.023 ms cpu, 106->106->106 MB, 213 MB goal, 0 MB stacks, 0 MB globals, 8 P (forced)
gc 17 @2.533s 0%: 0.031+0.46+0.003 ms clock, 0.25+0/0.39/0.26+0.029 ms cpu, 106->106->106 MB, 213 MB goal, 0 MB stacks, 0 MB globals, 8 P (forced)
gc 18 @2.735s 0%: 0.071+0.42+0.002 ms clock, 0.57+0/0.39/0.12+0.020 ms cpu, 106->106->106 MB, 213 MB goal, 0 MB stacks, 0 MB globals, 8 P (forced)
gc 19 @2.936s 0%: 0.087+0.43+0.003 ms clock, 0.69+0/0.12/0.52+0.024 ms cpu, 106->106->106 MB, 213 MB goal, 0 MB stacks, 0 MB globals, 8 P (forced)
gc 20 @3.137s 0%: 0.067+0.41+0.002 ms clock, 0.53+0/0.12/0.42+0.022 ms cpu, 106->106->106 MB, 213 MB goal, 0 MB stacks, 0 MB globals, 8 P (forced)
=== END len=3000000 last.LastReadID=2999999 ===
