gc 1 @0.005s 2%: 0.073+0.22+0.043 ms clock, 0.58+0/0.20/0.10+0.34 ms cpu, 3->3->1 MB, 4 MB goal, 0 MB stacks, 0 MB globals, 8 P
gc 2 @0.009s 1%: 0.015+0.17+0.013 ms clock, 0.12+0/0.12/0.12+0.10 ms cpu, 3->4->2 MB, 4 MB goal, 0 MB stacks, 0 MB globals, 8 P
gc 3 @0.013s 1%: 0.018+0.17+0.012 ms clock, 0.14+0.049/0.15/0.063+0.10 ms cpu, 5->5->4 MB, 5 MB goal, 0 MB stacks, 0 MB globals, 8 P
gc 4 @0.019s 1%: 0.018+0.31+0.020 ms clock, 0.15+0.031/0.10/0.16+0.16 ms cpu, 8->8->6 MB, 8 MB goal, 0 MB stacks, 0 MB globals, 8 P
gc 5 @0.035s 0%: 0.019+0.22+0.026 ms clock, 0.15+0/0.11/0.10+0.21 ms cpu, 12->12->9 MB, 13 MB goal, 0 MB stacks, 0 MB globals, 8 P
gc 6 @0.065s 0%: 0.020+0.25+0.014 ms clock, 0.16+0/0.24/0.083+0.11 ms cpu, 19->19->14 MB, 19 MB goal, 0 MB stacks, 0 MB globals, 8 P
gc 7 @0.081s 0%: 0.018+0.25+0.024 ms clock, 0.14+0.035/0.19/0.042+0.19 ms cpu, 28->28->21 MB, 28 MB goal, 0 MB stacks, 0 MB globals, 8 P
gc 8 @0.157s 0%: 0.021+0.27+0.013 ms clock, 0.17+0.045/0.23/0.049+0.11 ms cpu, 41->41->31 MB, 42 MB goal, 0 MB stacks, 0 MB globals, 8 P
gc 9 @0.191s 0%: 0.020+0.35+0.025 ms clock, 0.16+0/0.31/0.097+0.20 ms cpu, 61->61->46 MB, 62 MB goal, 0 MB stacks, 0 MB globals, 8 P
gc 10 @0.209s 0%: 0.019+0.23+0.002 ms clock, 0.15+0/0.21/0.14+0.021 ms cpu, 60->60->53 MB, 93 MB goal, 0 MB stacks, 0 MB globals, 8 P (forced)
=== FILLED variant=b n=1000000 mode=forced fill=208ms idle=11m0s objects=4297 heap=56004376 ===
gc 11 @1.209s 0%: 0.030+0.25+0.002 ms clock, 0.24+0/0.11/0.32+0.021 ms cpu, 53->53->53 MB, 106 MB goal, 0 MB stacks, 0 MB globals, 8 P (forced)
gc 12 @1.410s 0%: 0.054+0.38+0.002 ms clock, 0.43+0/0.41/0.30+0.021 ms cpu, 53->53->53 MB, 106 MB goal, 0 MB stacks, 0 MB globals, 8 P (forced)
gc 13 @1.611s 0%: 0.040+0.34+0.006 ms clock, 0.32+0/0.32/0.11+0.048 ms cpu, 53->53->53 MB, 106 MB goal, 0 MB stacks, 0 MB globals, 8 P (forced)
gc 14 @1.812s 0%: 0.025+0.23+0.003 ms clock, 0.20+0/0.24/0.11+0.024 ms cpu, 53->53->53 MB, 106 MB goal, 0 MB stacks, 0 MB globals, 8 P (forced)
gc 15 @2.012s 0%: 0.030+0.23+0.003 ms clock, 0.24+0/0.30/0.10+0.025 ms cpu, 53->53->53 MB, 106 MB goal, 0 MB stacks, 0 MB globals, 8 P (forced)
gc 16 @2.213s 0%: 0.026+0.26+0.002 ms clock, 0.20+0/0.10/0.39+0.021 ms cpu, 53->53->53 MB, 106 MB goal, 0 MB stacks, 0 MB globals, 8 P (forced)
gc 17 @2.414s 0%: 0.12+0.26+0.002 ms clock, 0.99+0/0.24/0.15+0.022 ms cpu, 53->53->53 MB, 106 MB goal, 0 MB stacks, 0 MB globals, 8 P (forced)
gc 18 @2.615s 0%: 0.038+0.25+0.015 ms clock, 0.31+0/0.19/0.34+0.12 ms cpu, 53->53->53 MB, 106 MB goal, 0 MB stacks, 0 MB globals, 8 P (forced)
=== END len=1000000 last.LastReadID=999999 ===
