gc 1 @0.004s 2%: 0.085+0.34+0.046 ms clock, 0.68+0/0.26/0.069+0.36 ms cpu, 3->3->1 MB, 4 MB goal, 0 MB stacks, 0 MB globals, 8 P
gc 2 @0.007s 2%: 0.009+0.22+0.050 ms clock, 0.076+0.10/0.14/0.076+0.40 ms cpu, 3->4->2 MB, 4 MB goal, 0 MB stacks, 0 MB globals, 8 P
gc 3 @0.012s 2%: 0.044+0.17+0.015 ms clock, 0.35+0.040/0.15/0.11+0.12 ms cpu, 5->5->4 MB, 5 MB goal, 0 MB stacks, 0 MB globals, 8 P
gc 4 @0.017s 1%: 0.031+0.26+0.024 ms clock, 0.25+0/0.20/0.11+0.19 ms cpu, 8->8->6 MB, 8 MB goal, 0 MB stacks, 0 MB globals, 8 P
gc 5 @0.031s 1%: 0.019+0.19+0.036 ms clock, 0.15+0/0.22/0.075+0.29 ms cpu, 12->12->9 MB, 13 MB goal, 0 MB stacks, 0 MB globals, 8 P
gc 6 @0.056s 0%: 0.021+0.21+0.016 ms clock, 0.17+0/0.21/0.12+0.12 ms cpu, 19->19->14 MB, 19 MB goal, 0 MB stacks, 0 MB globals, 8 P
gc 7 @0.071s 0%: 0.018+0.35+0.041 ms clock, 0.15+0/0.23/0.12+0.32 ms cpu, 28->28->21 MB, 28 MB goal, 0 MB stacks, 0 MB globals, 8 P
gc 8 @0.140s 0%: 0.019+0.24+0.014 ms clock, 0.15+0.024/0.26/0.12+0.11 ms cpu, 41->41->31 MB, 42 MB goal, 0 MB stacks, 0 MB globals, 8 P
gc 9 @0.173s 0%: 0.020+0.35+0.069 ms clock, 0.16+0.036/0.35/0.20+0.55 ms cpu, 61->61->46 MB, 62 MB goal, 0 MB stacks, 0 MB globals, 8 P
gc 10 @0.340s 0%: 0.036+0.45+0.015 ms clock, 0.29+0.041/0.60/0.71+0.12 ms cpu, 90->90->68 MB, 92 MB goal, 0 MB stacks, 0 MB globals, 8 P
gc 11 @0.424s 0%: 0.019+0.40+0.044 ms clock, 0.15+0.023/0.41/0.70+0.35 ms cpu, 134->134->101 MB, 137 MB goal, 0 MB stacks, 0 MB globals, 8 P
gc 12 @0.624s 0%: 0.027+0.57+0.003 ms clock, 0.21+0/0.15/0.63+0.028 ms cpu, 112->112->106 MB, 202 MB goal, 0 MB stacks, 0 MB globals, 8 P (forced)
=== FILLED variant=b n=3000000 mode=forced fill=624ms idle=11m0s objects=8410 heap=112002896 ===
gc 13 @1.625s 0%: 0.043+0.23+0.007 ms clock, 0.35+0/0.43/0.41+0.056 ms cpu, 106->106->106 MB, 213 MB goal, 0 MB stacks, 0 MB globals, 8 P (forced)
gc 14 @1.826s 0%: 0.17+0.40+0.003 ms clock, 1.3+0/0.83/0.016+0.029 ms cpu, 106->106->106 MB, 213 MB goal, 0 MB stacks, 0 MB globals, 8 P (forced)
gc 15 @2.033s 0%: 0.022+0.32+0.003 ms clock, 0.18+0/0.49/0.66+0.025 ms cpu, 106->106->106 MB, 213 MB goal, 0 MB stacks, 0 MB globals, 8 P (forced)
gc 16 @2.234s 0%: 0.071+0.45+0.002 ms clock, 0.56+0/0.086/0.47+0.021 ms cpu, 106->106->106 MB, 213 MB goal, 0 MB stacks, 0 MB globals, 8 P (forced)
gc 17 @2.435s 0%: 0.021+0.25+0.003 ms clock, 0.17+0/0.29/0.65+0.028 ms cpu, 106->106->106 MB, 213 MB goal, 0 MB stacks, 0 MB globals, 8 P (forced)
gc 18 @2.636s 0%: 0.22+0.39+0.004 ms clock, 1.7+0/0.70/0.26+0.033 ms cpu, 106->106->106 MB, 213 MB goal, 0 MB stacks, 0 MB globals, 8 P (forced)
gc 19 @2.838s 0%: 0.031+0.58+0.003 ms clock, 0.24+0/0.056/0.59+0.026 ms cpu, 106->106->106 MB, 213 MB goal, 0 MB stacks, 0 MB globals, 8 P (forced)
gc 20 @3.039s 0%: 0.031+0.32+0.003 ms clock, 0.25+0/0.49/0.28+0.024 ms cpu, 106->106->106 MB, 213 MB goal, 0 MB stacks, 0 MB globals, 8 P (forced)
=== END len=3000000 last.LastReadID=2999999 ===
