gc 1 @0.005s 2%: 0.071+0.40+0.064 ms clock, 0.57+0/0.37/0.13+0.51 ms cpu, 3->3->1 MB, 4 MB goal, 0 MB stacks, 0 MB globals, 8 P
gc 2 @0.009s 2%: 0.029+0.22+0.035 ms clock, 0.23+0.077/0.14/0.094+0.28 ms cpu, 3->3->2 MB, 4 MB goal, 0 MB stacks, 0 MB globals, 8 P
gc 3 @0.015s 1%: 0.019+0.24+0.016 ms clock, 0.15+0.051/0.14/0.13+0.12 ms cpu, 5->5->4 MB, 5 MB goal, 0 MB stacks, 0 MB globals, 8 P
gc 4 @0.022s 1%: 0.019+0.47+0.054 ms clock, 0.15+0/0.21/0.11+0.43 ms cpu, 8->8->6 MB, 8 MB goal, 0 MB stacks, 0 MB globals, 8 P
gc 5 @0.040s 1%: 0.052+0.27+0.021 ms clock, 0.42+0/0.21/0.10+0.17 ms cpu, 12->13->9 MB, 13 MB goal, 0 MB stacks, 0 MB globals, 8 P
gc 6 @0.071s 0%: 0.020+0.19+0.073 ms clock, 0.16+0.041/0.22/0.043+0.58 ms cpu, 19->19->14 MB, 19 MB goal, 0 MB stacks, 0 MB globals, 8 P
gc 7 @0.095s 0%: 0.030+0.24+0.016 ms clock, 0.24+0/0.26/0.16+0.13 ms cpu, 28->28->21 MB, 28 MB goal, 0 MB stacks, 0 MB globals, 8 P
gc 8 @0.183s 0%: 0.022+0.26+0.033 ms clock, 0.17+0/0.29/0.13+0.27 ms cpu, 41->41->31 MB, 42 MB goal, 0 MB stacks, 0 MB globals, 8 P
gc 9 @0.231s 0%: 0.024+0.69+0.020 ms clock, 0.19+0.028/0.43/0+0.16 ms cpu, 61->62->46 MB, 63 MB goal, 0 MB stacks, 0 MB globals, 8 P
gc 10 @0.431s 0%: 0.019+0.32+0.023 ms clock, 0.15+0.080/0.46/0.21+0.18 ms cpu, 91->91->69 MB, 93 MB goal, 0 MB stacks, 0 MB globals, 8 P
gc 11 @0.541s 0%: 0.038+0.76+0.050 ms clock, 0.30+0/0.79/0.10+0.40 ms cpu, 135->135->102 MB, 138 MB goal, 0 MB stacks, 0 MB globals, 8 P
gc 12 @1.065s 0%: 0.020+0.50+0.027 ms clock, 0.16+0.058/0.83/0.66+0.21 ms cpu, 200->200->151 MB, 204 MB goal, 0 MB stacks, 0 MB globals, 8 P
gc 13 @1.960s 0%: 0.035+1.0+0.017 ms clock, 0.28+0.084/1.5/0+0.13 ms cpu, 299->299->225 MB, 303 MB goal, 0 MB stacks, 0 MB globals, 8 P
gc 14 @2.349s 0%: 0.026+0.90+0.024 ms clock, 0.21+0.70/1.2/0.96+0.19 ms cpu, 446->446->335 MB, 450 MB goal, 0 MB stacks, 0 MB globals, 8 P
gc 15 @3.129s 0%: 0.038+0.91+0.004 ms clock, 0.30+0/1.6/1.7+0.039 ms cpu, 518->518->426 MB, 670 MB goal, 0 MB stacks, 0 MB globals, 8 P (forced)
=== FILLED variant=b n=10000000 mode=forced fill=3.129s idle=11m0s objects=32981 heap=447509240 ===
gc 16 @4.132s 0%: 0.021+1.1+0.004 ms clock, 0.17+0/1.5/1.6+0.034 ms cpu, 426->426->426 MB, 853 MB goal, 0 MB stacks, 0 MB globals, 8 P (forced)
gc 17 @4.335s 0%: 0.082+0.75+0.011 ms clock, 0.66+0/1.3/1.8+0.094 ms cpu, 426->426->426 MB, 853 MB goal, 0 MB stacks, 0 MB globals, 8 P (forced)
gc 18 @4.537s 0%: 0.046+0.66+0.006 ms clock, 0.37+0/1.0/2.2+0.051 ms cpu, 426->426->426 MB, 853 MB goal, 0 MB stacks, 0 MB globals, 8 P (forced)
gc 19 @4.739s 0%: 0.034+3.5+0.012 ms clock, 0.27+0/0.76/2.2+0.10 ms cpu, 426->426->426 MB, 853 MB goal, 0 MB stacks, 0 MB globals, 8 P (forced)
gc 20 @4.944s 0%: 0.060+0.69+0.003 ms clock, 0.48+0/1.2/1.7+0.025 ms cpu, 426->426->426 MB, 853 MB goal, 0 MB stacks, 0 MB globals, 8 P (forced)
gc 21 @5.146s 0%: 0.031+0.79+0.006 ms clock, 0.25+0/0.72/2.4+0.054 ms cpu, 426->426->426 MB, 853 MB goal, 0 MB stacks, 0 MB globals, 8 P (forced)
gc 22 @5.349s 0%: 0.081+0.74+0.005 ms clock, 0.65+0/1.2/1.8+0.042 ms cpu, 426->426->426 MB, 853 MB goal, 0 MB stacks, 0 MB globals, 8 P (forced)
gc 23 @5.551s 0%: 0.068+0.83+0.003 ms clock, 0.54+0/1.2/2.5+0.030 ms cpu, 426->426->426 MB, 853 MB goal, 0 MB stacks, 0 MB globals, 8 P (forced)
=== END len=10000000 last.LastReadID=9999999 ===
