gc 1 @0.005s 3%: 0.032+1.0+0.022 ms clock, 0.26+0/1.3/1.4+0.17 ms cpu, 3->4->2 MB, 4 MB goal, 0 MB stacks, 0 MB globals, 8 P
gc 2 @0.009s 3%: 0.010+0.87+0.013 ms clock, 0.082+0.052/1.4/3.1+0.10 ms cpu, 4->4->3 MB, 4 MB goal, 0 MB stacks, 0 MB globals, 8 P
gc 3 @0.015s 5%: 0.012+2.0+0.025 ms clock, 0.098+0.087/3.5/4.8+0.20 ms cpu, 6->7->5 MB, 7 MB goal, 0 MB stacks, 0 MB globals, 8 P
gc 4 @0.026s 4%: 0.015+2.2+0.023 ms clock, 0.12+0.050/3.8/9.2+0.18 ms cpu, 10->11->9 MB, 12 MB goal, 0 MB stacks, 0 MB globals, 8 P
gc 5 @0.037s 5%: 0.018+2.5+0.022 ms clock, 0.14+0/4.8/10+0.17 ms cpu, 16->16->13 MB, 18 MB goal, 0 MB stacks, 0 MB globals, 8 P
gc 6 @0.061s 3%: 0.019+9.2+0.012 ms clock, 0.15+0.15/4.0/14+0.10 ms cpu, 22->26->22 MB, 26 MB goal, 0 MB stacks, 0 MB globals, 8 P
gc 7 @0.130s 3%: 0.020+8.5+0.032 ms clock, 0.16+0/16/39+0.26 ms cpu, 39->41->34 MB, 45 MB goal, 0 MB stacks, 0 MB globals, 8 P
gc 8 @0.172s 3%: 0.018+9.7+0.042 ms clock, 0.14+0.10/18/46+0.34 ms cpu, 60->62->49 MB, 69 MB goal, 0 MB stacks, 0 MB globals, 8 P
gc 9 @0.323s 3%: 0.018+18+0.029 ms clock, 0.14+0/35/88+0.23 ms cpu, 84->89->76 MB, 98 MB goal, 0 MB stacks, 0 MB globals, 8 P
gc 10 @0.446s 3%: 0.019+22+0.022 ms clock, 0.15+0.046/44/110+0.18 ms cpu, 132->133->106 MB, 153 MB goal, 0 MB stacks, 0 MB globals, 8 P
gc 11 @0.731s 3%: 0.018+51+0.019 ms clock, 0.14+9.1/68/169+0.15 ms cpu, 181->193->166 MB, 212 MB goal, 0 MB stacks, 0 MB globals, 8 P
gc 12 @1.342s 3%: 0.019+70+0.028 ms clock, 0.15+0.12/140/350+0.22 ms cpu, 296->306->259 MB, 332 MB goal, 0 MB stacks, 0 MB globals, 8 P
gc 13 @1.742s 3%: 0.020+85+0.035 ms clock, 0.16+0/170/423+0.28 ms cpu, 466->484->381 MB, 519 MB goal, 0 MB stacks, 0 MB globals, 8 P
gc 14 @2.216s 3%: 0.024+100+0.004 ms clock, 0.19+0/199/592+0.033 ms cpu, 481->481->441 MB, 763 MB goal, 0 MB stacks, 0 MB globals, 8 P (forced)
=== FILLED variant=p n=10000000 mode=forced fill=2.216s idle=11m0s objects=10032982 heap=462810512 ===
gc 15 @3.323s 3%: 0.066+413+0.007 ms clock, 0.53+0/413/0.11+0.056 ms cpu, 441->441->441 MB, 882 MB goal, 0 MB stacks, 0 MB globals, 8 P (forced)
gc 16 @3.942s 4%: 0.035+403+0.006 ms clock, 0.28+0/403/0.14+0.054 ms cpu, 441->441->441 MB, 882 MB goal, 0 MB stacks, 0 MB globals, 8 P (forced)
gc 17 @4.552s 4%: 0.10+102+0.005 ms clock, 0.87+0/203/608+0.047 ms cpu, 441->441->441 MB, 882 MB goal, 0 MB stacks, 0 MB globals, 8 P (forced)
gc 18 @4.860s 4%: 0.099+100+0.003 ms clock, 0.79+0/199/598+0.025 ms cpu, 441->441->441 MB, 882 MB goal, 0 MB stacks, 0 MB globals, 8 P (forced)
gc 19 @5.166s 5%: 0.065+99+0.003 ms clock, 0.52+0/198/593+0.030 ms cpu, 441->441->441 MB, 882 MB goal, 0 MB stacks, 0 MB globals, 8 P (forced)
gc 20 @5.471s 5%: 0.033+101+0.003 ms clock, 0.26+0/201/601+0.024 ms cpu, 441->441->441 MB, 882 MB goal, 0 MB stacks, 0 MB globals, 8 P (forced)
gc 21 @5.778s 5%: 0.042+102+0.003 ms clock, 0.33+0/204/608+0.025 ms cpu, 441->441->441 MB, 882 MB goal, 0 MB stacks, 0 MB globals, 8 P (forced)
gc 22 @6.087s 5%: 0.085+413+0.006 ms clock, 0.68+0/413/0.18+0.055 ms cpu, 441->441->441 MB, 882 MB goal, 0 MB stacks, 0 MB globals, 8 P (forced)
=== END len=10000000 last.LastReadID=9999999 ===
