gc 1 @0.005s 4%: 0.046+1.3+0.043 ms clock, 0.36+0.13/2.2/2.5+0.34 ms cpu, 3->4->2 MB, 4 MB goal, 0 MB stacks, 0 MB globals, 8 P
gc 2 @0.010s 6%: 0.015+1.4+0.018 ms clock, 0.12+0.12/2.6/3.7+0.14 ms cpu, 5->5->4 MB, 5 MB goal, 0 MB stacks, 0 MB globals, 8 P
gc 3 @0.017s 6%: 0.022+1.8+0.019 ms clock, 0.17+0.064/3.3/7.3+0.15 ms cpu, 7->8->6 MB, 9 MB goal, 0 MB stacks, 0 MB globals, 8 P
gc 4 @0.033s 5%: 0.025+4.6+0.039 ms clock, 0.20+0.28/7.8/11+0.31 ms cpu, 12->13->12 MB, 14 MB goal, 0 MB stacks, 0 MB globals, 8 P
gc 5 @0.065s 5%: 0.030+6.1+0.024 ms clock, 0.24+0.10/11/21+0.19 ms cpu, 21->22->19 MB, 24 MB goal, 0 MB stacks, 0 MB globals, 8 P
gc 6 @0.107s 5%: 0.022+8.9+0.030 ms clock, 0.18+0/16/37+0.24 ms cpu, 34->35->29 MB, 38 MB goal, 0 MB stacks, 0 MB globals, 8 P
gc 7 @0.204s 4%: 0.053+18+0.035 ms clock, 0.42+0/34/69+0.28 ms cpu, 54->57->51 MB, 60 MB goal, 0 MB stacks, 0 MB globals, 8 P
gc 8 @0.406s 4%: 0.032+37+0.031 ms clock, 0.25+0.072/71/161+0.24 ms cpu, 94->97->87 MB, 103 MB goal, 0 MB stacks, 0 MB globals, 8 P
gc 9 @0.679s 4%: 0.025+44+0.014 ms clock, 0.20+0.041/88/201+0.11 ms cpu, 159->165->138 MB, 176 MB goal, 0 MB stacks, 0 MB globals, 8 P
gc 10 @1.120s 3%: 0.051+59+0.028 ms clock, 0.41+0.084/116/284+0.22 ms cpu, 250->259->223 MB, 277 MB goal, 0 MB stacks, 0 MB globals, 8 P
gc 11 @1.567s 4%: 0.062+86+0.004 ms clock, 0.50+0/171/504+0.032 ms cpu, 332->332->312 MB, 448 MB goal, 0 MB stacks, 0 MB globals, 8 P (forced)
=== FILLED variant=a n=3000000 mode=forced fill=1.567s idle=11m0s objects=7490842 heap=327721424 ===
gc 12 @2.660s 3%: 0.030+80+0.004 ms clock, 0.24+0/160/478+0.032 ms cpu, 312->312->312 MB, 625 MB goal, 0 MB stacks, 0 MB globals, 8 P (forced)
gc 13 @2.948s 3%: 0.056+82+0.011 ms clock, 0.45+0/163/485+0.093 ms cpu, 312->312->312 MB, 625 MB goal, 0 MB stacks, 0 MB globals, 8 P (forced)
gc 14 @3.237s 3%: 0.10+82+0.009 ms clock, 0.80+0/164/491+0.074 ms cpu, 312->312->312 MB, 625 MB goal, 0 MB stacks, 0 MB globals, 8 P (forced)
gc 15 @3.526s 4%: 0.11+75+0.007 ms clock, 0.92+0/151/453+0.063 ms cpu, 312->312->312 MB, 625 MB goal, 0 MB stacks, 0 MB globals, 8 P (forced)
gc 16 @3.807s 4%: 0.078+78+0.005 ms clock, 0.63+0/157/470+0.042 ms cpu, 312->312->312 MB, 625 MB goal, 0 MB stacks, 0 MB globals, 8 P (forced)
gc 17 @4.092s 4%: 0.093+80+0.003 ms clock, 0.74+0/160/476+0.025 ms cpu, 312->312->312 MB, 625 MB goal, 0 MB stacks, 0 MB globals, 8 P (forced)
gc 18 @4.380s 4%: 0.084+77+0.022 ms clock, 0.67+0/155/465+0.18 ms cpu, 312->312->312 MB, 625 MB goal, 0 MB stacks, 0 MB globals, 8 P (forced)
gc 19 @4.664s 4%: 0.11+77+0.004 ms clock, 0.89+0/154/461+0.034 ms cpu, 312->312->312 MB, 625 MB goal, 0 MB stacks, 0 MB globals, 8 P (forced)
=== END len=3000000 last.LastReadID=2999999 ===
