gc 1 @0.006s 1%: 0.040+0.25+0.077 ms clock, 0.32+0/0.31/0.11+0.62 ms cpu, 3->3->1 MB, 4 MB goal, 0 MB stacks, 0 MB globals, 8 P
gc 2 @0.009s 2%: 0.010+0.20+0.060 ms clock, 0.080+0.026/0.15/0.022+0.48 ms cpu, 3->3->2 MB, 4 MB goal, 0 MB stacks, 0 MB globals, 8 P
gc 3 @0.013s 1%: 0.012+0.25+0.016 ms clock, 0.099+0.052/0.19/0.062+0.12 ms cpu, 5->5->4 MB, 5 MB goal, 0 MB stacks, 0 MB globals, 8 P
gc 4 @0.017s 1%: 0.031+0.34+0.016 ms clock, 0.25+0/0.17/0.063+0.12 ms cpu, 8->8->6 MB, 8 MB goal, 0 MB stacks, 0 MB globals, 8 P
gc 5 @0.027s 1%: 0.017+0.20+0.014 ms clock, 0.14+0.034/0.15/0.069+0.11 ms cpu, 12->12->9 MB, 13 MB goal, 0 MB stacks, 0 MB globals, 8 P
gc 6 @0.052s 0%: 0.020+0.30+0.013 ms clock, 0.16+0/0.37/0.078+0.10 ms cpu, 19->19->14 MB, 19 MB goal, 0 MB stacks, 0 MB globals, 8 P
gc 7 @0.067s 0%: 0.053+1.6+0.031 ms clock, 0.42+0/0.27/0.13+0.24 ms cpu, 28->28->21 MB, 28 MB goal, 0 MB stacks, 0 MB globals, 8 P
gc 8 @0.129s 0%: 0.017+0.24+0.017 ms clock, 0.13+0/0.27/0.10+0.13 ms cpu, 41->41->31 MB, 42 MB goal, 0 MB stacks, 0 MB globals, 8 P
gc 9 @0.159s 0%: 0.019+0.44+0.070 ms clock, 0.15+0.047/0.41/0.24+0.56 ms cpu, 61->61->46 MB, 62 MB goal, 0 MB stacks, 0 MB globals, 8 P
gc 10 @0.177s 0%: 0.084+0.30+0.002 ms clock, 0.67+0/0.17/0.33+0.023 ms cpu, 60->60->53 MB, 92 MB goal, 0 MB stacks, 0 MB globals, 8 P (forced)
=== FILLED variant=b n=1000000 mode=forced fill=178ms idle=11m0s objects=4306 heap=55977168 ===
gc 11 @1.178s 0%: 0.063+0.16+0.002 ms clock, 0.50+0/0.25/0.29+0.023 ms cpu, 53->53->53 MB, 106 MB goal, 0 MB stacks, 0 MB globals, 8 P (forced)
gc 12 @1.379s 0%: 0.069+0.35+0.006 ms clock, 0.55+0/0.075/0.46+0.049 ms cpu, 53->53->53 MB, 106 MB goal, 0 MB stacks, 0 MB globals, 8 P (forced)
gc 13 @1.580s 0%: 0.072+0.42+0.005 ms clock, 0.58+0/0.38/0.32+0.043 ms cpu, 53->53->53 MB, 106 MB goal, 0 MB stacks, 0 MB globals, 8 P (forced)
gc 14 @1.781s 0%: 0.031+0.21+0.006 ms clock, 0.25+0/0.27/0.29+0.051 ms cpu, 53->53->53 MB, 106 MB goal, 0 MB stacks, 0 MB globals, 8 P (forced)
gc 15 @1.982s 0%: 0.077+0.18+0.002 ms clock, 0.61+0/0.27/0.32+0.021 ms cpu, 53->53->53 MB, 106 MB goal, 0 MB stacks, 0 MB globals, 8 P (forced)
gc 16 @2.183s 0%: 0.10+0.32+0.002 ms clock, 0.87+0/0.31/0.14+0.020 ms cpu, 53->53->53 MB, 106 MB goal, 0 MB stacks, 0 MB globals, 8 P (forced)
gc 17 @2.384s 0%: 0.075+0.17+0.004 ms clock, 0.60+0/0.24/0.37+0.035 ms cpu, 53->53->53 MB, 106 MB goal, 0 MB stacks, 0 MB globals, 8 P (forced)
gc 18 @2.584s 0%: 0.031+0.28+0.003 ms clock, 0.24+0/0.42/0.22+0.024 ms cpu, 53->53->53 MB, 106 MB goal, 0 MB stacks, 0 MB globals, 8 P (forced)
=== END len=1000000 last.LastReadID=999999 ===
