gc 1 @0.005s 2%: 0.046+0.50+0.032 ms clock, 0.37+0.092/0.77/0.52+0.26 ms cpu, 3->4->2 MB, 4 MB goal, 0 MB stacks, 0 MB globals, 8 P
gc 2 @0.008s 3%: 0.030+0.69+0.014 ms clock, 0.24+0.21/0.99/1.2+0.11 ms cpu, 3->4->3 MB, 4 MB goal, 0 MB stacks, 0 MB globals, 8 P
gc 3 @0.011s 3%: 0.011+0.67+0.020 ms clock, 0.094+0/0.93/1.7+0.16 ms cpu, 5->6->4 MB, 6 MB goal, 0 MB stacks, 0 MB globals, 8 P
gc 4 @0.019s 3%: 0.016+0.94+0.018 ms clock, 0.12+0/1.5/2.8+0.14 ms cpu, 8->9->7 MB, 9 MB goal, 0 MB stacks, 0 MB globals, 8 P
gc 5 @0.025s 3%: 0.017+1.0+0.013 ms clock, 0.13+0/1.7/3.7+0.10 ms cpu, 13->13->10 MB, 14 MB goal, 0 MB stacks, 0 MB globals, 8 P
gc 6 @0.048s 2%: 0.020+1.6+0.019 ms clock, 0.16+0/2.9/6.7+0.15 ms cpu, 19->20->15 MB, 21 MB goal, 0 MB stacks, 0 MB globals, 8 P
gc 7 @0.086s 2%: 0.017+3.0+0.027 ms clock, 0.13+0.062/5.1/12+0.22 ms cpu, 30->30->23 MB, 32 MB goal, 0 MB stacks, 0 MB globals, 8 P
gc 8 @0.118s 2%: 0.019+3.2+0.018 ms clock, 0.15+0.063/6.1/14+0.15 ms cpu, 45->46->35 MB, 47 MB goal, 0 MB stacks, 0 MB globals, 8 P
gc 9 @0.230s 1%: 0.021+5.8+0.016 ms clock, 0.16+0/11/25+0.13 ms cpu, 67->68->54 MB, 71 MB goal, 0 MB stacks, 0 MB globals, 8 P
gc 10 @0.313s 1%: 0.018+6.6+0.014 ms clock, 0.14+0.083/12/30+0.11 ms cpu, 102->104->79 MB, 108 MB goal, 0 MB stacks, 0 MB globals, 8 P
gc 11 @0.350s 2%: 0.019+7.5+0.004 ms clock, 0.15+0/14/31+0.036 ms cpu, 97->97->87 MB, 159 MB goal, 0 MB stacks, 0 MB globals, 8 P (forced)
=== FILLED variant=b2 n=1000000 mode=forced fill=350ms idle=11m0s objects=486737 heap=91682016 ===
gc 12 @1.360s 0%: 0.052+6.7+0.003 ms clock, 0.41+0/12/33+0.031 ms cpu, 87->87->87 MB, 175 MB goal, 0 MB stacks, 0 MB globals, 8 P (forced)
gc 13 @1.568s 0%: 0.074+6.8+0.004 ms clock, 0.59+0/12/34+0.035 ms cpu, 87->87->87 MB, 175 MB goal, 0 MB stacks, 0 MB globals, 8 P (forced)
gc 14 @1.775s 0%: 0.071+7.0+0.003 ms clock, 0.56+0/13/30+0.025 ms cpu, 87->87->87 MB, 175 MB goal, 0 MB stacks, 0 MB globals, 8 P (forced)
gc 15 @1.984s 0%: 0.10+6.4+0.003 ms clock, 0.83+0/11/33+0.025 ms cpu, 87->87->87 MB, 175 MB goal, 0 MB stacks, 0 MB globals, 8 P (forced)
gc 16 @2.191s 0%: 0.071+6.3+0.003 ms clock, 0.57+0/12/33+0.025 ms cpu, 87->87->87 MB, 175 MB goal, 0 MB stacks, 0 MB globals, 8 P (forced)
gc 17 @2.399s 0%: 0.10+6.3+0.003 ms clock, 0.86+0/12/34+0.024 ms cpu, 87->87->87 MB, 175 MB goal, 0 MB stacks, 0 MB globals, 8 P (forced)
gc 18 @2.606s 0%: 0.10+7.4+0.004 ms clock, 0.86+0/14/33+0.033 ms cpu, 87->87->87 MB, 175 MB goal, 0 MB stacks, 0 MB globals, 8 P (forced)
gc 19 @2.815s 0%: 0.092+6.3+0.017 ms clock, 0.73+0/12/33+0.13 ms cpu, 87->87->87 MB, 175 MB goal, 0 MB stacks, 0 MB globals, 8 P (forced)
=== END len=1000000 last.LastReadID=999999 ===
