gc 1 @0.005s 3%: 0.12+0.51+0.038 ms clock, 1.0+0/0.81/0.75+0.30 ms cpu, 3->4->1 MB, 4 MB goal, 0 MB stacks, 0 MB globals, 8 P
gc 2 @0.008s 3%: 0.014+0.55+0.015 ms clock, 0.11+0.031/0.83/0.95+0.12 ms cpu, 3->3->2 MB, 4 MB goal, 0 MB stacks, 0 MB globals, 8 P
gc 3 @0.011s 4%: 0.015+0.69+0.045 ms clock, 0.12+0.10/0.95/1.5+0.36 ms cpu, 5->5->4 MB, 5 MB goal, 0 MB stacks, 0 MB globals, 8 P
gc 4 @0.021s 3%: 0.030+1.3+0.031 ms clock, 0.24+0/2.3/1.2+0.25 ms cpu, 8->9->7 MB, 9 MB goal, 0 MB stacks, 0 MB globals, 8 P
gc 5 @0.028s 3%: 0.019+1.0+0.012 ms clock, 0.15+0.058/1.9/3.6+0.10 ms cpu, 13->14->10 MB, 14 MB goal, 0 MB stacks, 0 MB globals, 8 P
gc 6 @0.047s 3%: 0.018+1.7+0.013 ms clock, 0.15+0.061/3.2/7.7+0.10 ms cpu, 19->20->16 MB, 21 MB goal, 0 MB stacks, 0 MB globals, 8 P
gc 7 @0.093s 2%: 0.035+3.9+0.019 ms clock, 0.28+0/6.8/13+0.15 ms cpu, 30->30->24 MB, 32 MB goal, 0 MB stacks, 0 MB globals, 8 P
gc 8 @0.127s 2%: 0.018+4.7+0.014 ms clock, 0.14+0/9.2/10+0.11 ms cpu, 45->47->36 MB, 48 MB goal, 0 MB stacks, 0 MB globals, 8 P
gc 9 @0.236s 2%: 0.020+7.0+0.059 ms clock, 0.16+0.079/13/33+0.47 ms cpu, 68->71->55 MB, 73 MB goal, 0 MB stacks, 0 MB globals, 8 P
gc 10 @0.316s 2%: 0.035+11+0.033 ms clock, 0.28+0.27/18/42+0.26 ms cpu, 103->108->82 MB, 111 MB goal, 0 MB stacks, 0 MB globals, 8 P
gc 11 @0.589s 1%: 0.020+15+0.017 ms clock, 0.16+0.10/30/75+0.13 ms cpu, 154->158->124 MB, 165 MB goal, 0 MB stacks, 0 MB globals, 8 P
gc 12 @0.853s 1%: 0.023+21+0.014 ms clock, 0.18+0.10/42/104+0.11 ms cpu, 231->232->178 MB, 249 MB goal, 0 MB stacks, 0 MB globals, 8 P
gc 13 @1.343s 1%: 0.020+34+0.042 ms clock, 0.16+0.11/68/170+0.34 ms cpu, 330->341->270 MB, 357 MB goal, 0 MB stacks, 0 MB globals, 8 P
gc 14 @2.348s 1%: 0.022+64+0.030 ms clock, 0.18+0.11/128/320+0.24 ms cpu, 502->517->409 MB, 540 MB goal, 0 MB stacks, 0 MB globals, 8 P
gc 15 @3.148s 1%: 0.038+77+0.028 ms clock, 0.30+0.16/154/385+0.22 ms cpu, 762->785->602 MB, 818 MB goal, 0 MB stacks, 0 MB globals, 8 P
gc 16 @4.094s 2%: 0.020+434+0.006 ms clock, 0.16+0/434/0.13+0.052 ms cpu, 834->834->716 MB, 1204 MB goal, 0 MB stacks, 0 MB globals, 8 P (forced)
=== FILLED variant=b2 n=10000000 mode=forced fill=4.093s idle=11m0s objects=5015419 heap=751628160 ===
gc 17 @5.535s 2%: 0.043+427+0.006 ms clock, 0.35+0/427/0.17+0.052 ms cpu, 716->716->716 MB, 1433 MB goal, 0 MB stacks, 0 MB globals, 8 P (forced)
gc 18 @6.169s 3%: 0.036+87+0.006 ms clock, 0.29+0/173/509+0.051 ms cpu, 716->716->716 MB, 1433 MB goal, 0 MB stacks, 0 MB globals, 8 P (forced)
gc 19 @6.461s 3%: 0.074+88+0.002 ms clock, 0.59+0/176/527+0.023 ms cpu, 716->716->716 MB, 1433 MB goal, 0 MB stacks, 0 MB globals, 8 P (forced)
gc 20 @6.755s 3%: 0.069+89+0.024 ms clock, 0.55+0/177/526+0.19 ms cpu, 716->716->716 MB, 1433 MB goal, 0 MB stacks, 0 MB globals, 8 P (forced)
gc 21 @7.050s 3%: 0.045+87+0.004 ms clock, 0.36+0/172/517+0.033 ms cpu, 716->716->716 MB, 1433 MB goal, 0 MB stacks, 0 MB globals, 8 P (forced)
gc 22 @7.343s 3%: 0.089+86+0.023 ms clock, 0.71+0/172/516+0.18 ms cpu, 716->716->716 MB, 1433 MB goal, 0 MB stacks, 0 MB globals, 8 P (forced)
gc 23 @7.635s 3%: 0.072+86+0.004 ms clock, 0.57+0/172/515+0.034 ms cpu, 716->716->716 MB, 1433 MB goal, 0 MB stacks, 0 MB globals, 8 P (forced)
gc 24 @7.927s 4%: 0.075+578+0.006 ms clock, 0.60+0/578/0.22+0.055 ms cpu, 716->716->716 MB, 1433 MB goal, 0 MB stacks, 0 MB globals, 8 P (forced)
=== END len=10000000 last.LastReadID=9999999 ===
