gc 1 @0.005s 3%: 0.051+0.55+0.045 ms clock, 0.41+0.065/0.91/0+0.36 ms cpu, 3->4->2 MB, 4 MB goal, 0 MB stacks, 0 MB globals, 8 P
gc 2 @0.008s 3%: 0.026+0.57+0.030 ms clock, 0.21+0/0.87/1.3+0.24 ms cpu, 4->4->3 MB, 4 MB goal, 0 MB stacks, 0 MB globals, 8 P
gc 3 @0.011s 4%: 0.014+0.67+0.019 ms clock, 0.11+0/1.0/1.6+0.15 ms cpu, 5->6->4 MB, 6 MB goal, 0 MB stacks, 0 MB globals, 8 P
gc 4 @0.020s 3%: 0.018+1.1+0.026 ms clock, 0.14+0.077/1.8/3.0+0.21 ms cpu, 8->9->7 MB, 9 MB goal, 0 MB stacks, 0 MB globals, 8 P
gc 5 @0.029s 3%: 0.021+1.2+0.033 ms clock, 0.16+0/2.0/3.7+0.26 ms cpu, 12->13->10 MB, 14 MB goal, 0 MB stacks, 0 MB globals, 8 P
gc 6 @0.049s 3%: 0.021+1.9+0.047 ms clock, 0.16+0/3.3/7.0+0.37 ms cpu, 18->19->15 MB, 20 MB goal, 0 MB stacks, 0 MB globals, 8 P
gc 7 @0.065s 3%: 0.019+2.1+0.017 ms clock, 0.15+0.082/4.0/9.1+0.14 ms cpu, 28->28->21 MB, 30 MB goal, 0 MB stacks, 0 MB globals, 8 P
gc 8 @0.117s 2%: 0.018+3.7+0.015 ms clock, 0.14+0.17/6.7/16+0.12 ms cpu, 40->42->33 MB, 43 MB goal, 0 MB stacks, 0 MB globals, 8 P
gc 9 @0.233s 2%: 0.023+7.7+0.017 ms clock, 0.18+0.073/15/32+0.14 ms cpu, 62->64->51 MB, 66 MB goal, 0 MB stacks, 0 MB globals, 8 P
gc 10 @0.311s 2%: 0.024+7.9+0.013 ms clock, 0.19+0/15/36+0.10 ms cpu, 95->98->75 MB, 102 MB goal, 0 MB stacks, 0 MB globals, 8 P
gc 11 @0.550s 1%: 0.048+14+0.046 ms clock, 0.38+0/29/72+0.37 ms cpu, 139->144->113 MB, 150 MB goal, 0 MB stacks, 0 MB globals, 8 P
gc 12 @0.737s 2%: 0.023+18+0.021 ms clock, 0.18+0/36/90+0.16 ms cpu, 212->217->166 MB, 227 MB goal, 0 MB stacks, 0 MB globals, 8 P
gc 13 @0.969s 2%: 0.021+24+0.008 ms clock, 0.17+0/47/142+0.066 ms cpu, 196->196->182 MB, 333 MB goal, 0 MB stacks, 0 MB globals, 8 P (forced)
=== FILLED variant=b2 n=3000000 mode=forced fill=969ms idle=11m0s objects=1490840 heap=191820112 ===
gc 14 @1.995s 1%: 0.091+22+0.003 ms clock, 0.73+0/45/133+0.025 ms cpu, 182->182->182 MB, 366 MB goal, 0 MB stacks, 0 MB globals, 8 P (forced)
gc 15 @2.221s 1%: 0.097+22+0.008 ms clock, 0.77+0/45/134+0.066 ms cpu, 182->182->182 MB, 366 MB goal, 0 MB stacks, 0 MB globals, 8 P (forced)
gc 16 @2.445s 1%: 0.10+22+0.009 ms clock, 0.86+0/45/134+0.075 ms cpu, 182->182->182 MB, 366 MB goal, 0 MB stacks, 0 MB globals, 8 P (forced)
gc 17 @2.670s 1%: 0.10+23+0.021 ms clock, 0.85+0/45/133+0.17 ms cpu, 182->182->182 MB, 366 MB goal, 0 MB stacks, 0 MB globals, 8 P (forced)
gc 18 @2.895s 1%: 0.075+22+0.003 ms clock, 0.60+0/44/133+0.025 ms cpu, 182->182->182 MB, 366 MB goal, 0 MB stacks, 0 MB globals, 8 P (forced)
gc 19 @3.120s 1%: 0.063+22+0.002 ms clock, 0.51+0/44/132+0.023 ms cpu, 182->182->182 MB, 366 MB goal, 0 MB stacks, 0 MB globals, 8 P (forced)
gc 20 @3.344s 1%: 0.029+23+0.003 ms clock, 0.23+0/45/135+0.024 ms cpu, 182->182->182 MB, 366 MB goal, 0 MB stacks, 0 MB globals, 8 P (forced)
gc 21 @3.569s 2%: 0.074+102+0.006 ms clock, 0.59+0/102/0.13+0.052 ms cpu, 182->182->182 MB, 366 MB goal, 0 MB stacks, 0 MB globals, 8 P (forced)
=== END len=3000000 last.LastReadID=2999999 ===
