gc 1 @0.005s 3%: 0.033+0.92+0.051 ms clock, 0.27+0/1.4/1.2+0.40 ms cpu, 3->4->2 MB, 4 MB goal, 0 MB stacks, 0 MB globals, 8 P
gc 2 @0.009s 4%: 0.009+1.1+0.033 ms clock, 0.077+0.092/1.5/3.2+0.26 ms cpu, 4->4->3 MB, 5 MB goal, 0 MB stacks, 0 MB globals, 8 P
gc 3 @0.016s 4%: 0.016+1.3+0.029 ms clock, 0.12+0.11/2.2/4.8+0.23 ms cpu, 6->7->5 MB, 7 MB goal, 0 MB stacks, 0 MB globals, 8 P
gc 4 @0.026s 4%: 0.015+2.6+0.017 ms clock, 0.12+0.071/4.3/7.2+0.13 ms cpu, 10->11->9 MB, 11 MB goal, 0 MB stacks, 0 MB globals, 8 P
gc 5 @0.040s 4%: 0.019+2.6+0.018 ms clock, 0.15+0.064/4.9/11+0.14 ms cpu, 17->17->13 MB, 18 MB goal, 0 MB stacks, 0 MB globals, 8 P
gc 6 @0.066s 3%: 0.019+6.7+0.025 ms clock, 0.15+0.23/6.2/18+0.20 ms cpu, 23->25->22 MB, 26 MB goal, 0 MB stacks, 0 MB globals, 8 P
gc 7 @0.139s 3%: 0.019+8.7+0.022 ms clock, 0.15+0/16/40+0.18 ms cpu, 39->41->34 MB, 44 MB goal, 0 MB stacks, 0 MB globals, 8 P
gc 8 @0.188s 3%: 0.018+12+0.020 ms clock, 0.14+0.12/22/53+0.16 ms cpu, 61->64->50 MB, 69 MB goal, 0 MB stacks, 0 MB globals, 8 P
gc 9 @0.342s 3%: 0.018+18+0.019 ms clock, 0.14+0/36/88+0.15 ms cpu, 89->94->79 MB, 102 MB goal, 0 MB stacks, 0 MB globals, 8 P
gc 10 @0.588s 3%: 0.018+30+0.009 ms clock, 0.15+0.084/59/151+0.073 ms cpu, 141->143->118 MB, 159 MB goal, 0 MB stacks, 0 MB globals, 8 P
gc 11 @0.620s 4%: 0.016+26+0.003 ms clock, 0.13+0/53/159+0.027 ms cpu, 118->118->118 MB, 236 MB goal, 0 MB stacks, 0 MB globals, 8 P (forced)
=== FILLED variant=p n=3000000 mode=forced fill=616ms idle=11m0s objects=3008405 heap=123826464 ===
gc 12 @1.650s 1%: 0.082+27+0.003 ms clock, 0.65+0/53/161+0.027 ms cpu, 118->118->118 MB, 236 MB goal, 0 MB stacks, 0 MB globals, 8 P (forced)
gc 13 @1.880s 2%: 0.033+29+0.003 ms clock, 0.26+0/58/171+0.026 ms cpu, 118->118->118 MB, 236 MB goal, 0 MB stacks, 0 MB globals, 8 P (forced)
gc 14 @2.111s 2%: 0.027+53+0.005 ms clock, 0.22+0/102/269+0.041 ms cpu, 118->118->118 MB, 236 MB goal, 0 MB stacks, 0 MB globals, 8 P (forced)
gc 15 @2.366s 2%: 0.059+45+0.010 ms clock, 0.47+0/86/238+0.082 ms cpu, 118->118->118 MB, 236 MB goal, 0 MB stacks, 0 MB globals, 8 P (forced)
gc 16 @2.615s 2%: 0.031+31+0.009 ms clock, 0.25+0/62/183+0.072 ms cpu, 118->118->118 MB, 236 MB goal, 0 MB stacks, 0 MB globals, 8 P (forced)
gc 17 @2.848s 2%: 0.088+29+0.005 ms clock, 0.71+0/58/164+0.047 ms cpu, 118->118->118 MB, 236 MB goal, 0 MB stacks, 0 MB globals, 8 P (forced)
gc 18 @3.080s 3%: 0.028+85+0.009 ms clock, 0.22+0/166/0.12+0.077 ms cpu, 118->118->118 MB, 236 MB goal, 0 MB stacks, 0 MB globals, 8 P (forced)
gc 19 @3.368s 3%: 0.031+28+0.004 ms clock, 0.24+0/56/167+0.036 ms cpu, 118->118->118 MB, 236 MB goal, 0 MB stacks, 0 MB globals, 8 P (forced)
=== END len=3000000 last.LastReadID=2999999 ===
