gc 1 @0.005s 5%: 0.040+1.3+0.047 ms clock, 0.32+0.20/2.1/2.3+0.38 ms cpu, 3->4->2 MB, 4 MB goal, 0 MB stacks, 0 MB globals, 8 P
gc 2 @0.010s 6%: 0.013+1.6+0.029 ms clock, 0.10+0.076/3.0/2.9+0.23 ms cpu, 5->5->4 MB, 5 MB goal, 0 MB stacks, 0 MB globals, 8 P
gc 3 @0.017s 6%: 0.019+1.7+0.045 ms clock, 0.15+0/3.2/7.7+0.36 ms cpu, 8->8->7 MB, 9 MB goal, 0 MB stacks, 0 MB globals, 8 P
gc 4 @0.029s 5%: 0.018+6.0+0.021 ms clock, 0.14+0/5.4/15+0.17 ms cpu, 13->14->13 MB, 14 MB goal, 0 MB stacks, 0 MB globals, 8 P
gc 5 @0.056s 5%: 0.020+6.0+0.049 ms clock, 0.16+0.37/11/26+0.39 ms cpu, 23->24->21 MB, 26 MB goal, 0 MB stacks, 0 MB globals, 8 P
gc 6 @0.096s 5%: 0.022+7.9+0.014 ms clock, 0.17+0.13/15/34+0.11 ms cpu, 38->39->32 MB, 43 MB goal, 0 MB stacks, 0 MB globals, 8 P
gc 7 @0.163s 5%: 0.024+23+0.056 ms clock, 0.19+2.5/34/46+0.44 ms cpu, 57->62->55 MB, 66 MB goal, 0 MB stacks, 0 MB globals, 8 P
gc 8 @0.308s 5%: 0.021+30+0.072 ms clock, 0.17+0.11/59/137+0.57 ms cpu, 98->104->95 MB, 111 MB goal, 0 MB stacks, 0 MB globals, 8 P
gc 9 @0.532s 4%: 0.023+53+0.014 ms clock, 0.18+1.2/89/173+0.11 ms cpu, 168->177->152 MB, 190 MB goal, 0 MB stacks, 0 MB globals, 8 P
gc 10 @0.902s 4%: 0.023+55+0.029 ms clock, 0.18+0/110/274+0.23 ms cpu, 269->278->235 MB, 304 MB goal, 0 MB stacks, 0 MB globals, 8 P
gc 11 @1.494s 4%: 0.026+130+0.034 ms clock, 0.21+0/259/596+0.27 ms cpu, 412->430->394 MB, 470 MB goal, 0 MB stacks, 0 MB globals, 8 P
gc 12 @2.555s 5%: 0.025+271+0.014 ms clock, 0.20+0.11/541/1343+0.11 ms cpu, 697->727->642 MB, 788 MB goal, 0 MB stacks, 0 MB globals, 8 P
gc 13 @4.298s 5%: 0.031+414+0.039 ms clock, 0.24+0.10/825/2053+0.31 ms cpu, 1137->1180->981 MB, 1286 MB goal, 0 MB stacks, 0 MB globals, 8 P
gc 14 @5.149s 6%: 0.022+495+0.004 ms clock, 0.18+0/981/2946+0.033 ms cpu, 1130->1130->1113 MB, 1962 MB goal, 0 MB stacks, 0 MB globals, 8 P (forced)
=== FILLED variant=a n=10000000 mode=timer fill=5.149s idle=11m0s objects=25015426 heap=1167232912 ===
GC forced
gc 15 @126.686s 0%: 0.050+2474+0.006 ms clock, 0.40+0/2474/0+0.053 ms cpu, 1113->1113->1113 MB, 2226 MB goal, 0 MB stacks, 0 MB globals, 8 P
GC forced
gc 16 @249.193s 0%: 0.044+2653+0.006 ms clock, 0.35+0/2653/0+0.049 ms cpu, 1113->1113->1113 MB, 2226 MB goal, 0 MB stacks, 0 MB globals, 8 P
GC forced
gc 17 @371.882s 0%: 0.045+2839+0.007 ms clock, 0.36+0/2839/0+0.060 ms cpu, 1113->1113->1113 MB, 2226 MB goal, 0 MB stacks, 0 MB globals, 8 P
GC forced
gc 18 @494.748s 0%: 0.077+2878+0.008 ms clock, 0.62+0/2878/0+0.068 ms cpu, 1113->1113->1113 MB, 2226 MB goal, 0 MB stacks, 0 MB globals, 8 P
GC forced
gc 19 @617.668s 0%: 0.058+2459+0.006 ms clock, 0.46+0/2459/0+0.050 ms cpu, 1113->1113->1113 MB, 2226 MB goal, 0 MB stacks, 0 MB globals, 8 P
=== END len=10000000 last.LastReadID=9999999 ===
