gc 1 @0.005s 1%: 0.029+0.18+0.041 ms clock, 0.23+0/0.27/0.16+0.33 ms cpu, 3->3->1 MB, 4 MB goal, 0 MB stacks, 0 MB globals, 8 P
gc 2 @0.008s 1%: 0.012+0.17+0.029 ms clock, 0.099+0/0.12/0.090+0.23 ms cpu, 3->4->2 MB, 4 MB goal, 0 MB stacks, 0 MB globals, 8 P
gc 3 @0.013s 1%: 0.018+0.20+0.034 ms clock, 0.15+0/0.13/0.15+0.27 ms cpu, 5->5->4 MB, 5 MB goal, 0 MB stacks, 0 MB globals, 8 P
gc 4 @0.018s 1%: 0.019+0.12+0.017 ms clock, 0.15+0.015/0.13/0.061+0.13 ms cpu, 8->8->6 MB, 8 MB goal, 0 MB stacks, 0 MB globals, 8 P
gc 5 @0.032s 0%: 0.018+0.20+0.018 ms clock, 0.14+0/0.16/0.16+0.14 ms cpu, 12->12->9 MB, 13 MB goal, 0 MB stacks, 0 MB globals, 8 P
gc 6 @0.062s 0%: 0.023+0.18+0.016 ms clock, 0.19+0/0.16/0.050+0.13 ms cpu, 18->18->14 MB, 19 MB goal, 0 MB stacks, 0 MB globals, 8 P
gc 7 @0.086s 0%: 0.023+0.19+0.023 ms clock, 0.18+0.018/0.21/0.091+0.18 ms cpu, 27->28->21 MB, 28 MB goal, 0 MB stacks, 0 MB globals, 8 P
gc 8 @0.168s 0%: 0.025+0.19+0.015 ms clock, 0.20+0.034/0.22/0.045+0.12 ms cpu, 41->41->31 MB, 42 MB goal, 0 MB stacks, 0 MB globals, 8 P
gc 9 @0.210s 0%: 0.020+11+0.017 ms clock, 0.16+0.15/0.18/0+0.13 ms cpu, 61->68->53 MB, 62 MB goal, 0 MB stacks, 0 MB globals, 8 P
gc 10 @0.396s 0%: 0.024+0.59+0.017 ms clock, 0.19+0/0.41/0.048+0.14 ms cpu, 99->99->72 MB, 106 MB goal, 0 MB stacks, 0 MB globals, 8 P
gc 11 @0.480s 0%: 0.025+0.43+0.015 ms clock, 0.20+0.035/0.48/0+0.12 ms cpu, 138->138->105 MB, 145 MB goal, 0 MB stacks, 0 MB globals, 8 P
gc 12 @0.892s 0%: 0.020+0.79+0.016 ms clock, 0.16+0/0.72/0.072+0.13 ms cpu, 202->202->153 MB, 210 MB goal, 0 MB stacks, 0 MB globals, 8 P
gc 13 @1.669s 0%: 0.022+1.1+0.018 ms clock, 0.18+0.049/1.1/0.032+0.15 ms cpu, 298->298->226 MB, 308 MB goal, 0 MB stacks, 0 MB globals, 8 P
gc 14 @2.034s 0%: 0.023+1.2+0.017 ms clock, 0.18+0.029/0.21/1.2+0.13 ms cpu, 440->440->333 MB, 452 MB goal, 0 MB stacks, 0 MB globals, 8 P
gc 15 @2.762s 0%: 0.022+1.1+0.003 ms clock, 0.18+0/0.14/1.1+0.024 ms cpu, 521->521->426 MB, 666 MB goal, 0 MB stacks, 0 MB globals, 8 P (forced)
=== FILLED variant=b n=10000000 mode=timer fill=2.762s idle=11m0s objects=32979 heap=447541592 ===
GC forced
gc 16 @123.785s 0%: 0.028+1.5+0.004 ms clock, 0.23+0/1.6/0+0.038 ms cpu, 426->426->426 MB, 853 MB goal, 0 MB stacks, 0 MB globals, 8 P
GC forced
gc 17 @243.805s 0%: 0.036+2.1+0.006 ms clock, 0.29+0/2.2/0+0.052 ms cpu, 426->426->426 MB, 853 MB goal, 0 MB stacks, 0 MB globals, 8 P
GC forced
gc 18 @363.826s 0%: 0.021+1.2+0.003 ms clock, 0.17+0/1.3/0+0.026 ms cpu, 426->426->426 MB, 853 MB goal, 0 MB stacks, 0 MB globals, 8 P
GC forced
gc 19 @483.847s 0%: 0.035+2.9+0.005 ms clock, 0.28+0/1.7/0+0.045 ms cpu, 426->426->426 MB, 853 MB goal, 0 MB stacks, 0 MB globals, 8 P
GC forced
gc 20 @603.868s 0%: 0.049+1.3+0.015 ms clock, 0.39+0/1.3/0+0.12 ms cpu, 426->426->426 MB, 853 MB goal, 0 MB stacks, 0 MB globals, 8 P
=== END len=10000000 last.LastReadID=9999999 ===
