gc 1 @0.004s 1%: 0.053+0.22+0.016 ms clock, 0.43+0/0.24/0.059+0.13 ms cpu, 3->3->1 MB, 4 MB goal, 0 MB stacks, 0 MB globals, 8 P
gc 2 @0.006s 1%: 0.010+0.23+0.013 ms clock, 0.082+0.059/0.19/0.12+0.10 ms cpu, 3->4->2 MB, 4 MB goal, 0 MB stacks, 0 MB globals, 8 P
gc 3 @0.012s 1%: 0.018+0.20+0.036 ms clock, 0.14+0/0.14/0.12+0.29 ms cpu, 5->5->4 MB, 5 MB goal, 0 MB stacks, 0 MB globals, 8 P
gc 4 @0.016s 1%: 0.037+0.20+0.028 ms clock, 0.29+0/0.13/0.079+0.22 ms cpu, 8->8->6 MB, 8 MB goal, 0 MB stacks, 0 MB globals, 8 P
gc 5 @0.027s 1%: 0.019+0.34+0.025 ms clock, 0.15+0/0.16/0.14+0.20 ms cpu, 12->12->9 MB, 13 MB goal, 0 MB stacks, 0 MB globals, 8 P
gc 6 @0.053s 0%: 0.020+0.28+0.013 ms clock, 0.16+0/0.24/0.20+0.10 ms cpu, 18->19->14 MB, 19 MB goal, 0 MB stacks, 0 MB globals, 8 P
gc 7 @0.068s 0%: 0.020+0.30+0.031 ms clock, 0.16+0.022/0.16/0.11+0.24 ms cpu, 27->28->21 MB, 28 MB goal, 0 MB stacks, 0 MB globals, 8 P
gc 8 @0.136s 0%: 0.019+0.28+0.013 ms clock, 0.15+0.036/0.26/0.11+0.11 ms cpu, 41->41->31 MB, 42 MB goal, 0 MB stacks, 0 MB globals, 8 P
gc 9 @0.170s 0%: 0.022+0.38+0.017 ms clock, 0.17+0/0.40/0.078+0.13 ms cpu, 61->61->46 MB, 62 MB goal, 0 MB stacks, 0 MB globals, 8 P
gc 10 @0.330s 0%: 0.019+0.39+0.025 ms clock, 0.15+0/0.41/0.062+0.20 ms cpu, 90->90->68 MB, 92 MB goal, 0 MB stacks, 0 MB globals, 8 P
gc 11 @0.404s 0%: 0.021+0.42+0.032 ms clock, 0.16+0/0.39/0.10+0.26 ms cpu, 133->133->101 MB, 136 MB goal, 0 MB stacks, 0 MB globals, 8 P
gc 12 @0.811s 0%: 0.022+0.53+0.024 ms clock, 0.17+0/0.56/0.063+0.19 ms cpu, 198->198->149 MB, 202 MB goal, 0 MB stacks, 0 MB globals, 8 P
gc 13 @1.598s 0%: 0.022+1.5+0.022 ms clock, 0.17+0/1.4/0.17+0.18 ms cpu, 295->295->222 MB, 299 MB goal, 0 MB stacks, 0 MB globals, 8 P
gc 14 @1.917s 0%: 0.051+1.4+0.034 ms clock, 0.41+0.10/0.39/1.2+0.27 ms cpu, 441->442->332 MB, 445 MB goal, 0 MB stacks, 0 MB globals, 8 P
gc 15 @2.697s 0%: 0.020+1.0+0.002 ms clock, 0.16+0/1.1/0.26+0.022 ms cpu, 522->522->426 MB, 664 MB goal, 0 MB stacks, 0 MB globals, 8 P (forced)
=== FILLED variant=b n=10000000 mode=timer fill=2.697s idle=11m0s objects=32971 heap=447536144 ===
GC forced
gc 16 @123.721s 0%: 0.021+1.2+0.004 ms clock, 0.17+0/1.3/0+0.033 ms cpu, 426->426->426 MB, 853 MB goal, 0 MB stacks, 0 MB globals, 8 P
GC forced
gc 17 @243.742s 0%: 0.025+1.1+0.003 ms clock, 0.20+0/1.2/0+0.024 ms cpu, 426->426->426 MB, 853 MB goal, 0 MB stacks, 0 MB globals, 8 P
GC forced
gc 18 @363.762s 0%: 0.035+1.2+0.002 ms clock, 0.28+0/1.3/0+0.023 ms cpu, 426->426->426 MB, 853 MB goal, 0 MB stacks, 0 MB globals, 8 P
GC forced
gc 19 @483.782s 0%: 0.048+1.3+0.003 ms clock, 0.38+0/1.4/0+0.028 ms cpu, 426->426->426 MB, 853 MB goal, 0 MB stacks, 0 MB globals, 8 P
GC forced
gc 20 @603.803s 0%: 0.035+1.2+0.003 ms clock, 0.28+0/1.2/0+0.031 ms cpu, 426->426->426 MB, 853 MB goal, 0 MB stacks, 0 MB globals, 8 P
=== END len=10000000 last.LastReadID=9999999 ===
