gc 1 @0.004s 2%: 0.080+0.25+0.075 ms clock, 0.64+0/0.27/0.075+0.60 ms cpu, 3->3->1 MB, 4 MB goal, 0 MB stacks, 0 MB globals, 8 P
gc 2 @0.007s 2%: 0.012+0.18+0.069 ms clock, 0.098+0.053/0.10/0.092+0.55 ms cpu, 3->3->2 MB, 4 MB goal, 0 MB stacks, 0 MB globals, 8 P
gc 3 @0.012s 2%: 0.038+0.26+0.036 ms clock, 0.31+0.054/0.16/0.034+0.29 ms cpu, 5->5->4 MB, 5 MB goal, 0 MB stacks, 0 MB globals, 8 P
gc 4 @0.016s 2%: 0.013+0.17+0.056 ms clock, 0.10+0.033/0.088/0.030+0.45 ms cpu, 8->8->6 MB, 8 MB goal, 0 MB stacks, 0 MB globals, 8 P
gc 5 @0.026s 1%: 0.017+0.33+0.038 ms clock, 0.14+0.082/0.15/0.024+0.30 ms cpu, 12->12->9 MB, 13 MB goal, 0 MB stacks, 0 MB globals, 8 P
gc 6 @0.050s 0%: 0.019+0.41+0.024 ms clock, 0.15+0/0.21/0.088+0.19 ms cpu, 19->19->14 MB, 19 MB goal, 0 MB stacks, 0 MB globals, 8 P
gc 7 @0.066s 0%: 0.018+0.25+0.039 ms clock, 0.14+0.059/0.26/0.060+0.31 ms cpu, 28->28->21 MB, 29 MB goal, 0 MB stacks, 0 MB globals, 8 P
gc 8 @0.127s 0%: 0.017+0.28+0.041 ms clock, 0.14+0.035/0.28/0.042+0.33 ms cpu, 42->42->31 MB, 43 MB goal, 0 MB stacks, 0 MB globals, 8 P
gc 9 @0.158s 0%: 0.019+0.50+0.065 ms clock, 0.15+0/0.40/0.31+0.52 ms cpu, 62->62->47 MB, 63 MB goal, 0 MB stacks, 0 MB globals, 8 P
gc 10 @0.314s 0%: 0.020+0.44+0.016 ms clock, 0.16+0.27/0.48/0.36+0.13 ms cpu, 91->91->69 MB, 94 MB goal, 0 MB stacks, 0 MB globals, 8 P
gc 11 @0.387s 0%: 0.021+0.82+0.016 ms clock, 0.17+0.049/0.54/0.53+0.12 ms cpu, 135->135->102 MB, 138 MB goal, 0 MB stacks, 0 MB globals, 8 P
gc 12 @0.733s 0%: 0.018+0.68+0.030 ms clock, 0.14+0/0.84/0.92+0.24 ms cpu, 201->201->152 MB, 205 MB goal, 0 MB stacks, 0 MB globals, 8 P
gc 13 @1.399s 0%: 0.017+0.82+0.012 ms clock, 0.14+0/1.3/1.2+0.10 ms cpu, 300->300->226 MB, 304 MB goal, 0 MB stacks, 0 MB globals, 8 P
gc 14 @1.666s 0%: 0.022+10+0.004 ms clock, 0.18+2.6/0.14/0.055+0.035 ms cpu, 448->452->341 MB, 452 MB goal, 0 MB stacks, 0 MB globals, 8 P
gc 15 @2.242s 0%: 0.020+0.72+0.002 ms clock, 0.16+0/1.2/2.3+0.023 ms cpu, 517->517->426 MB, 683 MB goal, 0 MB stacks, 0 MB globals, 8 P (forced)
=== FILLED variant=b n=10000000 mode=timer fill=2.242s idle=11m0s objects=32990 heap=447519352 ===
GC forced
gc 16 @123.266s 0%: 0.048+1.4+0.009 ms clock, 0.38+0/2.6/0+0.078 ms cpu, 426->426->426 MB, 853 MB goal, 0 MB stacks, 0 MB globals, 8 P
GC forced
gc 17 @243.287s 0%: 0.074+2.4+0.018 ms clock, 0.59+0/2.5/0+0.14 ms cpu, 426->426->426 MB, 853 MB goal, 0 MB stacks, 0 MB globals, 8 P
GC forced
gc 18 @363.307s 0%: 0.036+2.1+0.002 ms clock, 0.29+0/2.1/0+0.021 ms cpu, 426->426->426 MB, 853 MB goal, 0 MB stacks, 0 MB globals, 8 P
GC forced
gc 19 @483.328s 0%: 0.032+2.6+0.004 ms clock, 0.26+0/2.7/0+0.033 ms cpu, 426->426->426 MB, 853 MB goal, 0 MB stacks, 0 MB globals, 8 P
GC forced
gc 20 @603.349s 0%: 0.027+2.1+0.003 ms clock, 0.22+0/2.1/0+0.027 ms cpu, 426->426->426 MB, 853 MB goal, 0 MB stacks, 0 MB globals, 8 P
=== END len=10000000 last.LastReadID=9999999 ===
