gc 1 @0.006s 4%: 0.057+1.3+0.024 ms clock, 0.46+0.14/2.2/2.4+0.19 ms cpu, 3->4->2 MB, 4 MB goal, 0 MB stacks, 0 MB globals, 8 P
gc 2 @0.011s 6%: 0.019+2.4+0.17 ms clock, 0.15+0.076/3.9/2.2+1.3 ms cpu, 5->5->4 MB, 5 MB goal, 0 MB stacks, 0 MB globals, 8 P
gc 3 @0.020s 7%: 0.022+2.5+0.035 ms clock, 0.18+0.18/4.3/5.7+0.28 ms cpu, 8->8->7 MB, 9 MB goal, 0 MB stacks, 0 MB globals, 8 P
gc 4 @0.035s 6%: 0.017+3.6+0.020 ms clock, 0.14+0/7.0/13+0.16 ms cpu, 13->14->12 MB, 15 MB goal, 0 MB stacks, 0 MB globals, 8 P
gc 5 @0.074s 5%: 0.026+9.9+0.021 ms clock, 0.20+0.14/16/18+0.17 ms cpu, 22->23->21 MB, 25 MB goal, 0 MB stacks, 0 MB globals, 8 P
gc 6 @0.125s 5%: 0.022+8.9+0.023 ms clock, 0.18+0.076/15/35+0.18 ms cpu, 38->39->32 MB, 43 MB goal, 0 MB stacks, 0 MB globals, 8 P
gc 7 @0.206s 4%: 0.024+15+0.013 ms clock, 0.19+0.11/30/69+0.10 ms cpu, 60->63->55 MB, 65 MB goal, 0 MB stacks, 0 MB globals, 8 P
gc 8 @0.379s 4%: 0.023+32+0.021 ms clock, 0.18+0/65/130+0.17 ms cpu, 101->106->96 MB, 111 MB goal, 0 MB stacks, 0 MB globals, 8 P
gc 9 @0.645s 4%: 0.036+58+0.028 ms clock, 0.28+0.096/112/261+0.22 ms cpu, 176->184->160 MB, 193 MB goal, 0 MB stacks, 0 MB globals, 8 P
gc 10 @1.118s 4%: 0.025+72+0.016 ms clock, 0.20+0.063/143/338+0.13 ms cpu, 292->300->247 MB, 321 MB goal, 0 MB stacks, 0 MB globals, 8 P
gc 11 @1.940s 4%: 0.034+170+0.018 ms clock, 0.27+0/335/821+0.14 ms cpu, 446->465->419 MB, 494 MB goal, 0 MB stacks, 0 MB globals, 8 P
gc 12 @3.533s 4%: 0.034+399+0.028 ms clock, 0.27+0.072/781/1941+0.22 ms cpu, 761->800->729 MB, 838 MB goal, 0 MB stacks, 0 MB globals, 8 P
gc 13 @6.299s 5%: 0.034+2684+0.019 ms clock, 0.27+0/2684/0.16+0.15 ms cpu, 1324->1324->1113 MB, 1459 MB goal, 0 MB stacks, 0 MB globals, 8 P (forced)
=== FILLED variant=a n=10000000 mode=timer fill=6.299s idle=11m0s objects=25015427 heap=1167233024 ===
GC forced
gc 14 @130.026s 0%: 0.029+3178+0.008 ms clock, 0.23+0/3178/0+0.065 ms cpu, 1113->1113->1113 MB, 2226 MB goal, 0 MB stacks, 0 MB globals, 8 P
GC forced
gc 15 @254.557s 0%: 0.036+1815+0.006 ms clock, 0.28+0/3630/0+0.052 ms cpu, 1113->1113->1113 MB, 2226 MB goal, 0 MB stacks, 0 MB globals, 8 P
GC forced
gc 16 @376.406s 0%: 0.056+3100+0.005 ms clock, 0.44+0/3100/0+0.047 ms cpu, 1113->1113->1113 MB, 2226 MB goal, 0 MB stacks, 0 MB globals, 8 P
GC forced
gc 17 @499.537s 0%: 0.035+2998+0.005 ms clock, 0.28+0/2998/0+0.044 ms cpu, 1113->1113->1113 MB, 2226 MB goal, 0 MB stacks, 0 MB globals, 8 P
GC forced
gc 18 @622.567s 0%: 0.035+2915+0.007 ms clock, 0.28+0/2915/0+0.061 ms cpu, 1113->1113->1113 MB, 2226 MB goal, 0 MB stacks, 0 MB globals, 8 P
=== END len=10000000 last.LastReadID=9999999 ===
