gc 1 @0.006s 1%: 0.040+0.24+0.044 ms clock, 0.32+0.068/0.22/0+0.35 ms cpu, 3->3->1 MB, 4 MB goal, 0 MB stacks, 0 MB globals, 8 P
gc 2 @0.008s 1%: 0.011+0.17+0.030 ms clock, 0.090+0/0.088/0.12+0.24 ms cpu, 3->4->2 MB, 4 MB goal, 0 MB stacks, 0 MB globals, 8 P
gc 3 @0.013s 1%: 0.019+0.21+0.034 ms clock, 0.15+0.034/0.11/0.036+0.27 ms cpu, 5->5->4 MB, 5 MB goal, 0 MB stacks, 0 MB globals, 8 P
gc 4 @0.017s 1%: 0.019+0.31+0.012 ms clock, 0.15+0.032/0.096/0.048+0.10 ms cpu, 8->8->6 MB, 8 MB goal, 0 MB stacks, 0 MB globals, 8 P
gc 5 @0.027s 1%: 0.018+0.34+0.033 ms clock, 0.14+0.037/0.13/0.10+0.26 ms cpu, 12->13->9 MB, 13 MB goal, 0 MB stacks, 0 MB globals, 8 P
gc 6 @0.056s 0%: 0.019+0.24+0.050 ms clock, 0.15+0.077/0.16/0.10+0.40 ms cpu, 19->19->14 MB, 19 MB goal, 0 MB stacks, 0 MB globals, 8 P
gc 7 @0.073s 0%: 0.019+0.28+0.027 ms clock, 0.15+0.040/0.14/0.16+0.22 ms cpu, 28->28->21 MB, 28 MB goal, 0 MB stacks, 0 MB globals, 8 P
gc 8 @0.144s 0%: 0.028+0.27+0.013 ms clock, 0.22+0.026/0.13/0.17+0.11 ms cpu, 41->42->31 MB, 42 MB goal, 0 MB stacks, 0 MB globals, 8 P
gc 9 @0.178s 0%: 0.019+0.33+0.013 ms clock, 0.15+0/0.30/0.084+0.10 ms cpu, 61->62->46 MB, 63 MB goal, 0 MB stacks, 0 MB globals, 8 P
gc 10 @0.346s 0%: 0.022+0.33+0.012 ms clock, 0.18+0.041/0.36/0.043+0.10 ms cpu, 91->91->69 MB, 93 MB goal, 0 MB stacks, 0 MB globals, 8 P
gc 11 @0.425s 0%: 0.020+0.51+0.013 ms clock, 0.16+0/0.56/0.10+0.10 ms cpu, 135->135->102 MB, 138 MB goal, 0 MB stacks, 0 MB globals, 8 P
gc 12 @0.820s 0%: 0.020+0.86+0.027 ms clock, 0.16+0/0.94/0.088+0.22 ms cpu, 200->201->151 MB, 204 MB goal, 0 MB stacks, 0 MB globals, 8 P
gc 13 @1.819s 0%: 0.10+2.0+0.025 ms clock, 0.82+0/1.1/0.10+0.20 ms cpu, 299->300->225 MB, 303 MB goal, 0 MB stacks, 0 MB globals, 8 P
gc 14 @2.207s 0%: 0.019+1.1+0.056 ms clock, 0.15+0/1.1/0.13+0.45 ms cpu, 448->448->337 MB, 452 MB goal, 0 MB stacks, 0 MB globals, 8 P
gc 15 @3.058s 0%: 0.022+1.3+0.003 ms clock, 0.17+0/0.34/1.5+0.028 ms cpu, 517->517->426 MB, 674 MB goal, 0 MB stacks, 0 MB globals, 8 P (forced)
=== FILLED variant=b n=10000000 mode=timer fill=3.058s idle=11m0s objects=32975 heap=447541240 ===
GC forced
gc 16 @124.082s 0%: 0.035+1.2+0.003 ms clock, 0.28+0/1.3/0+0.027 ms cpu, 426->426->426 MB, 853 MB goal, 0 MB stacks, 0 MB globals, 8 P
GC forced
gc 17 @244.103s 0%: 0.038+1.3+0.003 ms clock, 0.30+0/1.3/0+0.028 ms cpu, 426->426->426 MB, 853 MB goal, 0 MB stacks, 0 MB globals, 8 P
GC forced
gc 18 @364.124s 0%: 0.037+1.4+0.003 ms clock, 0.29+0/1.6/0+0.025 ms cpu, 426->426->426 MB, 853 MB goal, 0 MB stacks, 0 MB globals, 8 P
GC forced
gc 19 @484.145s 0%: 0.028+1.1+0.003 ms clock, 0.22+0/1.5/0+0.024 ms cpu, 426->426->426 MB, 853 MB goal, 0 MB stacks, 0 MB globals, 8 P
GC forced
gc 20 @604.165s 0%: 0.035+1.2+0.003 ms clock, 0.28+0/1.3/0+0.029 ms cpu, 426->426->426 MB, 853 MB goal, 0 MB stacks, 0 MB globals, 8 P
=== END len=10000000 last.LastReadID=9999999 ===
