gc 1 @0.004s 3%: 0.10+0.28+0.085 ms clock, 0.83+0/0.30/0.12+0.68 ms cpu, 3->3->1 MB, 4 MB goal, 0 MB stacks, 0 MB globals, 8 P
gc 2 @0.006s 3%: 0.023+0.31+0.032 ms clock, 0.18+0.078/0.065/0.084+0.25 ms cpu, 3->4->3 MB, 4 MB goal, 0 MB stacks, 0 MB globals, 8 P
gc 3 @0.011s 2%: 0.013+0.34+0.027 ms clock, 0.10+0/0.11/0.16+0.21 ms cpu, 5->6->4 MB, 6 MB goal, 0 MB stacks, 0 MB globals, 8 P
gc 4 @0.015s 2%: 0.014+0.18+0.015 ms clock, 0.11+0.033/0.12/0.080+0.12 ms cpu, 8->8->6 MB, 9 MB goal, 0 MB stacks, 0 MB globals, 8 P
gc 5 @0.024s 1%: 0.018+0.24+0.043 ms clock, 0.14+0.035/0.13/0.094+0.34 ms cpu, 13->13->9 MB, 13 MB goal, 0 MB stacks, 0 MB globals, 8 P
gc 6 @0.044s 1%: 0.018+0.23+0.054 ms clock, 0.14+0/0.24/0.054+0.43 ms cpu, 19->19->14 MB, 19 MB goal, 0 MB stacks, 0 MB globals, 8 P
gc 7 @0.058s 0%: 0.018+0.24+0.045 ms clock, 0.14+0.085/0.22/0.12+0.36 ms cpu, 28->28->21 MB, 29 MB goal, 0 MB stacks, 0 MB globals, 8 P
gc 8 @0.115s 0%: 0.017+0.33+0.034 ms clock, 0.14+0/0.22/0.22+0.27 ms cpu, 42->42->31 MB, 43 MB goal, 0 MB stacks, 0 MB globals, 8 P
gc 9 @0.146s 0%: 0.019+0.33+0.014 ms clock, 0.15+0.088/0.43/0.24+0.11 ms cpu, 62->62->47 MB, 64 MB goal, 0 MB stacks, 0 MB globals, 8 P
gc 10 @0.293s 0%: 0.019+0.46+0.029 ms clock, 0.15+0/0.59/0.37+0.23 ms cpu, 92->92->69 MB, 94 MB goal, 0 MB stacks, 0 MB globals, 8 P
gc 11 @0.365s 0%: 0.034+0.38+0.030 ms clock, 0.27+0/0.50/0.66+0.24 ms cpu, 136->136->103 MB, 139 MB goal, 0 MB stacks, 0 MB globals, 8 P
gc 12 @0.691s 0%: 0.032+0.51+0.043 ms clock, 0.25+0.048/0.85/0.81+0.34 ms cpu, 202->202->152 MB, 206 MB goal, 0 MB stacks, 0 MB globals, 8 P
gc 13 @1.326s 0%: 0.021+0.75+0.028 ms clock, 0.16+0.038/1.1/1.1+0.22 ms cpu, 301->301->226 MB, 305 MB goal, 0 MB stacks, 0 MB globals, 8 P
gc 14 @1.579s 0%: 0.020+0.85+0.028 ms clock, 0.16+0/1.2/1.6+0.22 ms cpu, 450->450->338 MB, 454 MB goal, 0 MB stacks, 0 MB globals, 8 P
gc 15 @2.098s 0%: 0.018+0.91+0.007 ms clock, 0.14+0/1.3/2.6+0.056 ms cpu, 515->515->426 MB, 677 MB goal, 0 MB stacks, 0 MB globals, 8 P (forced)
=== FILLED variant=b n=10000000 mode=timer fill=2.098s idle=11m0s objects=32983 heap=447513920 ===
GC forced
gc 16 @123.122s 0%: 0.021+1.9+0.003 ms clock, 0.17+0/1.9/0+0.031 ms cpu, 426->426->426 MB, 853 MB goal, 0 MB stacks, 0 MB globals, 8 P
GC forced
gc 17 @243.143s 0%: 0.050+2.2+0.003 ms clock, 0.40+0/2.3/0+0.030 ms cpu, 426->426->426 MB, 853 MB goal, 0 MB stacks, 0 MB globals, 8 P
GC forced
gc 18 @363.164s 0%: 0.020+1.9+0.023 ms clock, 0.16+0/1.9/0+0.18 ms cpu, 426->426->426 MB, 853 MB goal, 0 MB stacks, 0 MB globals, 8 P
GC forced
gc 19 @483.186s 0%: 0.021+1.9+0.003 ms clock, 0.17+0/1.9/0+0.025 ms cpu, 426->426->426 MB, 853 MB goal, 0 MB stacks, 0 MB globals, 8 P
GC forced
gc 20 @603.207s 0%: 0.022+2.0+0.002 ms clock, 0.17+0/2.0/0+0.022 ms cpu, 426->426->426 MB, 853 MB goal, 0 MB stacks, 0 MB globals, 8 P
=== END len=10000000 last.LastReadID=9999999 ===
