gc 1 @0.004s 1%: 0.049+0.36+0.031 ms clock, 0.39+0/0.23/0.052+0.25 ms cpu, 3->3->1 MB, 4 MB goal, 0 MB stacks, 0 MB globals, 8 P
gc 2 @0.007s 1%: 0.009+0.24+0.019 ms clock, 0.073+0.099/0.083/0.10+0.15 ms cpu, 3->3->2 MB, 4 MB goal, 0 MB stacks, 0 MB globals, 8 P
gc 3 @0.011s 1%: 0.012+0.18+0.013 ms clock, 0.10+0/0.18/0.067+0.10 ms cpu, 5->5->4 MB, 5 MB goal, 0 MB stacks, 0 MB globals, 8 P
gc 4 @0.016s 1%: 0.013+0.16+0.018 ms clock, 0.10+0.044/0.18/0.096+0.14 ms cpu, 8->8->6 MB, 8 MB goal, 0 MB stacks, 0 MB globals, 8 P
gc 5 @0.026s 1%: 0.017+0.34+0.056 ms clock, 0.13+0.16/0.30/0.21+0.45 ms cpu, 12->12->9 MB, 13 MB goal, 0 MB stacks, 0 MB globals, 8 P
gc 6 @0.047s 0%: 0.018+0.31+0.026 ms clock, 0.14+0.055/0.19/0.089+0.20 ms cpu, 18->18->14 MB, 19 MB goal, 0 MB stacks, 0 MB globals, 8 P
gc 7 @0.062s 0%: 0.019+0.30+0.037 ms clock, 0.15+0/0.28/0.17+0.29 ms cpu, 27->27->21 MB, 28 MB goal, 0 MB stacks, 0 MB globals, 8 P
gc 8 @0.117s 0%: 0.017+0.36+0.015 ms clock, 0.14+0/0.39/0.22+0.12 ms cpu, 41->41->31 MB, 42 MB goal, 0 MB stacks, 0 MB globals, 8 P
gc 9 @0.147s 0%: 0.019+0.45+0.045 ms clock, 0.15+0.068/0.41/0.24+0.36 ms cpu, 61->61->46 MB, 62 MB goal, 0 MB stacks, 0 MB globals, 8 P
gc 10 @0.297s 0%: 0.019+0.35+0.038 ms clock, 0.15+0.058/0.51/0.56+0.30 ms cpu, 90->90->68 MB, 92 MB goal, 0 MB stacks, 0 MB globals, 8 P
gc 11 @0.365s 0%: 0.018+12+0.013 ms clock, 0.14+0.18/0.44/0.40+0.10 ms cpu, 133->140->108 MB, 136 MB goal, 0 MB stacks, 0 MB globals, 8 P
gc 12 @0.706s 0%: 0.019+0.62+0.016 ms clock, 0.15+0.037/0.96/0.99+0.13 ms cpu, 208->208->154 MB, 216 MB goal, 0 MB stacks, 0 MB globals, 8 P
gc 13 @1.331s 0%: 0.018+0.66+0.013 ms clock, 0.14+0/0.99/1.1+0.10 ms cpu, 301->301->227 MB, 309 MB goal, 0 MB stacks, 0 MB globals, 8 P
gc 14 @1.578s 0%: 0.020+0.82+0.061 ms clock, 0.16+0.070/1.3/1.8+0.49 ms cpu, 444->445->336 MB, 455 MB goal, 0 MB stacks, 0 MB globals, 8 P
gc 15 @2.110s 0%: 0.022+1.8+0.006 ms clock, 0.18+0/1.8/0.23+0.048 ms cpu, 518->518->426 MB, 672 MB goal, 0 MB stacks, 0 MB globals, 8 P (forced)
=== FILLED variant=b n=10000000 mode=timer fill=2.111s idle=11m0s objects=32983 heap=447513920 ===
GC forced
gc 16 @123.135s 0%: 0.021+1.9+0.003 ms clock, 0.17+0/1.9/0+0.025 ms cpu, 426->426->426 MB, 853 MB goal, 0 MB stacks, 0 MB globals, 8 P
GC forced
gc 17 @243.156s 0%: 0.020+1.8+0.002 ms clock, 0.16+0/1.9/0+0.023 ms cpu, 426->426->426 MB, 853 MB goal, 0 MB stacks, 0 MB globals, 8 P
GC forced
gc 18 @363.177s 0%: 0.034+2.0+0.003 ms clock, 0.27+0/2.0/0+0.026 ms cpu, 426->426->426 MB, 853 MB goal, 0 MB stacks, 0 MB globals, 8 P
GC forced
gc 19 @483.198s 0%: 0.022+1.3+0.004 ms clock, 0.18+0/2.5/0+0.032 ms cpu, 426->426->426 MB, 853 MB goal, 0 MB stacks, 0 MB globals, 8 P
GC forced
gc 20 @603.219s 0%: 0.035+1.9+0.003 ms clock, 0.28+0/2.0/0+0.025 ms cpu, 426->426->426 MB, 853 MB goal, 0 MB stacks, 0 MB globals, 8 P
=== END len=10000000 last.LastReadID=9999999 ===
