gc 1 @0.006s 6%: 0.33+1.2+0.026 ms clock, 2.7+0/1.9/0.81+0.21 ms cpu, 3->4->2 MB, 4 MB goal, 0 MB stacks, 0 MB globals, 8 P
gc 2 @0.015s 4%: 0.019+1.3+0.013 ms clock, 0.15+0.25/1.8/2.3+0.10 ms cpu, 4->4->3 MB, 5 MB goal, 0 MB stacks, 0 MB globals, 8 P
gc 3 @0.022s 4%: 0.021+1.4+0.038 ms clock, 0.17+0.10/2.3/3.5+0.30 ms cpu, 7->7->6 MB, 7 MB goal, 0 MB stacks, 0 MB globals, 8 P
gc 4 @0.037s 4%: 0.021+1.8+0.014 ms clock, 0.17+0.061/3.2/6.9+0.11 ms cpu, 11->11->9 MB, 12 MB goal, 0 MB stacks, 0 MB globals, 8 P
gc 5 @0.059s 3%: 0.020+3.0+0.014 ms clock, 0.16+0.080/5.4/10+0.11 ms cpu, 18->18->15 MB, 19 MB goal, 0 MB stacks, 0 MB globals, 8 P
gc 6 @0.083s 3%: 0.025+3.9+0.047 ms clock, 0.20+0.089/7.1/11+0.37 ms cpu, 29->30->23 MB, 31 MB goal, 0 MB stacks, 0 MB globals, 8 P
gc 7 @0.151s 3%: 0.048+6.4+0.020 ms clock, 0.38+0/12/27+0.16 ms cpu, 44->46->38 MB, 47 MB goal, 0 MB stacks, 0 MB globals, 8 P
gc 8 @0.250s 3%: 0.021+13+0.040 ms clock, 0.17+0.084/26/62+0.32 ms cpu, 71->72->59 MB, 77 MB goal, 0 MB stacks, 0 MB globals, 8 P
gc 9 @0.364s 3%: 0.020+21+0.033 ms clock, 0.16+0/40/97+0.27 ms cpu, 110->115->92 MB, 118 MB goal, 0 MB stacks, 0 MB globals, 8 P
gc 10 @0.691s 3%: 0.020+48+0.017 ms clock, 0.16+0.67/95/234+0.13 ms cpu, 168->178->151 MB, 184 MB goal, 0 MB stacks, 0 MB globals, 8 P
gc 11 @0.946s 4%: 0.019+65+0.013 ms clock, 0.15+0.090/127/305+0.10 ms cpu, 267->271->212 MB, 302 MB goal, 0 MB stacks, 0 MB globals, 8 P
gc 12 @1.565s 4%: 0.020+113+0.050 ms clock, 0.16+0.11/223/555+0.40 ms cpu, 367->390->334 MB, 425 MB goal, 0 MB stacks, 0 MB globals, 8 P
gc 13 @2.265s 4%: 0.019+144+0.003 ms clock, 0.15+0/283/814+0.027 ms cpu, 530->530->441 MB, 669 MB goal, 0 MB stacks, 0 MB globals, 8 P (forced)
=== FILLED variant=p n=10000000 mode=timer fill=2.265s idle=11m0s objects=10032987 heap=462848296 ===
GC forced
gc 14 @123.438s 0%: 0.034+518+0.003 ms clock, 0.27+0/1037/0+0.030 ms cpu, 441->441->441 MB, 882 MB goal, 0 MB stacks, 0 MB globals, 8 P
GC forced
gc 15 @243.984s 0%: 0.023+515+0.003 ms clock, 0.18+0/1030/0+0.028 ms cpu, 441->441->441 MB, 882 MB goal, 0 MB stacks, 0 MB globals, 8 P
GC forced
gc 16 @364.520s 0%: 0.022+515+0.003 ms clock, 0.18+0/1029/0+0.031 ms cpu, 441->441->441 MB, 882 MB goal, 0 MB stacks, 0 MB globals, 8 P
GC forced
gc 17 @485.056s 0%: 0.036+521+0.004 ms clock, 0.28+0/1043/0+0.033 ms cpu, 441->441->441 MB, 882 MB goal, 0 MB stacks, 0 MB globals, 8 P
GC forced
gc 18 @605.601s 0%: 0.023+518+0.004 ms clock, 0.18+0/1035/0+0.036 ms cpu, 441->441->441 MB, 882 MB goal, 0 MB stacks, 0 MB globals, 8 P
=== END len=10000000 last.LastReadID=9999999 ===
